05:25:56 **** Auto Build of configuration Debug for project vDMATest ****
make pre-build main-build 
a9-linaro-pre-build-step
 
make: Warning: File '../src/imageData.h' has modification time 16689 s in the future
Building file: ../src/vDMATest.c
Invoking: ARM v7 gcc compiler
arm-none-eabi-gcc -Wall -O0 -g3 -c -fmessage-length=0 -MT"src/vDMATest.o" -mcpu=cortex-a9 -mfpu=vfpv3 -mfloat-abi=hard -I../../vDMATest_bsp/ps7_cortexa9_0/include -MMD -MP -MF"src/vDMATest.d" -MT"src/vDMATest.o" -o "src/vDMATest.o" "../src/vDMATest.c"
Finished building: ../src/vDMATest.c
 
Building target: vDMATest.elf
Invoking: ARM v7 gcc linker
arm-none-eabi-gcc -mcpu=cortex-a9 -mfpu=vfpv3 -mfloat-abi=hard -Wl,-build-id=none -specs=Xilinx.spec -Wl,-T -Wl,../src/lscript.ld -L../../vDMATest_bsp/ps7_cortexa9_0/lib -o "vDMATest.elf"  ./src/vDMATest.o   -Wl,--start-group,-lxil,-lgcc,-lc,--end-group
Finished building target: vDMATest.elf
 
Invoking: ARM v7 Print Size
arm-none-eabi-size vDMATest.elf  |tee "vDMATest.elf.size"
   text	   data	    bss	    dec	    hex	filename
  44224	 182120	6244088	6470432	 62bb20	vDMATest.elf
Finished building: vDMATest.elf.size
 
make: warning:  Clock skew detected.  Your build may be incomplete.

05:25:56 Build Finished (took 565ms)

